// Jest Snapshot v1, https://goo.gl/fbAQLP

exports[`should fetch and filter csv data 1`] = `
Array [
  Object {
    "values": Array [
      Object {
        "a": 3,
        "b": 4,
      },
      Object {
        "a": 4,
        "b": 2,
      },
      Object {
        "a": 5,
        "b": 0,
      },
    ],
  },
]
`;
